Warning: Permanently added '[localhost]:22022' (ED25519) to the list of known hosts.
(admin@localhost) Password: 
Last login: Sat Mar 15 17:42:37 2025 from 127.0.0.1
eos1>
eos1>