Warning: Permanently added '[localhost]:22022' (ED25519) to the list of known hosts.
Last login: Thu Jan  9 23:54:35 2025 from 172.20.20.1
eos1>
eos1>