(netconf-user@host) Password:
<hello xmlns="urn:ietf:params:xml:ns:netconf:base:1.0"><capabilities><capability>urn:ietf:params:netconf:base:1.0</capability><capability>urn:ietf:params:netconf:base:1.1</capability><capability>urn:ietf:params:xml:ns:netconf:base:1.0</capability><capability>urn:ietf:params:xml:ns:yang:ietf-netconf-monitoring</capability><capability>urn:ietf:params:netconf:capability:writable-running:1.0</capability><capability>urn:ietf:params:netconf:capability:candidate:1.0</capability><capability>http://openconfig.net/yang/mpls?module=openconfig-mpls-igp&amp;revision=2024-06-19</capability><capability>http://openconfig.net/yang/openconfig-isis?module=openconfig-isis-lsp&amp;revision=2024-02-28</capability><capability>http://openconfig.net/yang/bgp?module=openconfig-bgp-common-structure&amp;revision=2024-09-06</capability><capability>http://openconfig.net/yang/bgp?module=openconfig-bgp-global&amp;revision=2024-09-06</capability><capability>http://openconfig.net/yang/aft?module=openconfig-aft-common&amp;revision=2024-04-25</capability><capability>http://openconfig.net/yang/ospfv2?module=openconfig-ospfv2-area-interface&amp;revision=2024-06-17</capability><capability>http://openconfig.net/yang/aaa?module=openconfig-aaa-tacacs&amp;revision=2022-07-29</capability></capabilities></hello>]]>]]>