Warning: Permanently added '[localhost]:22022' (ED25519) to the list of known hosts.
(admin@localhost) Password: 
Last login: Sat Dec 28 20:07:43 2024 from 172.20.20.1
eos1>
eos1>
eos1#term len 0
Pagination disabled.
eos1#
eos1#term width 32767
Width set to 32767 columns.
eos1#