eos1#write erase
Proceed with erasing startup configuration? [confirm]
eos1#