- namespace: urn:ietf:params:xml:ns:netconf:base:1.0
  name: http://openconfig.net/yang/openconfig-ext?module=openconfig-extensions
  revision: 2022-10-05
- namespace: urn:ietf:params:xml:ns:netconf:base:1.0
  name: http://openconfig.net/yang/openconfig-metadata?module=openconfig-metadata
  revision: 2020-08-06
- namespace: urn:ietf:params:xml:ns:netconf:base:1.0
  name: urn:ietf:params:netconf:base:1.0
  revision: 
- namespace: urn:ietf:params:xml:ns:netconf:base:1.0
  name: urn:ietf:params:netconf:base:1.1
  revision: 
- namespace: urn:ietf:params:xml:ns:netconf:base:1.0
  name: urn:ietf:params:netconf:capability:candidate:1.0
  revision: 
- namespace: urn:ietf:params:xml:ns:netconf:base:1.0
  name: urn:ietf:params:netconf:capability:confirmed-commit:1.1
  revision: 
- namespace: urn:ietf:params:xml:ns:netconf:base:1.0
  name: urn:ietf:params:netconf:capability:rollback-on-error:1.0
  revision: 
- namespace: urn:ietf:params:xml:ns:netconf:base:1.0
  name: urn:ietf:params:netconf:capability:startup:1.0
  revision: 
- namespace: urn:ietf:params:xml:ns:netconf:base:1.0
  name: urn:ietf:params:netconf:capability:url:1.0?scheme=http,https,ftp,sftp,file
  revision: 
- namespace: urn:ietf:params:xml:ns:netconf:base:1.0
  name: urn:ietf:params:netconf:capability:validate:1.0
  revision: 
- namespace: urn:ietf:params:xml:ns:netconf:base:1.0
  name: urn:ietf:params:netconf:capability:validate:1.1
  revision: 
- namespace: urn:ietf:params:xml:ns:netconf:base:1.0
  name: urn:ietf:params:netconf:capability:with-defaults:1.0?basic-mode=explicit
  revision: 
- namespace: urn:ietf:params:xml:ns:netconf:base:1.0
  name: urn:ietf:params:netconf:capability:with-operational-defaults:1.0
  revision: 
- namespace: urn:ietf:params:xml:ns:netconf:base:1.0
  name: urn:ietf:params:netconf:capability:yang-library:1.1?revision=2019-01-04
  revision: 
- namespace: urn:ietf:params:xml:ns:netconf:base:1.0
  name: urn:ietf:params:xml:ns:netconf:base:1.0?module=ietf-netconf
  revision: 2011-06-01
- namespace: urn:ietf:params:xml:ns:netconf:base:1.0
  name: urn:ietf:params:xml:ns:yang:ietf-datastores?module=ietf-datastores
  revision: 2018-02-14
- namespace: urn:ietf:params:xml:ns:netconf:base:1.0
  name: urn:ietf:params:xml:ns:yang:ietf-inet-types?module=ietf-inet-types
  revision: 2013-07-15
- namespace: urn:ietf:params:xml:ns:netconf:base:1.0
  name: urn:ietf:params:xml:ns:yang:ietf-netconf-monitoring
  revision: 
- namespace: urn:ietf:params:xml:ns:netconf:base:1.0
  name: urn:ietf:params:xml:ns:yang:ietf-netconf-monitoring?module=ietf-netconf-monitoring
  revision: 2010-10-04
- namespace: urn:ietf:params:xml:ns:netconf:base:1.0
  name: urn:ietf:params:xml:ns:yang:ietf-netconf-nmda?module=ietf-netconf-nmda
  revision: 2019-01-07
- namespace: urn:ietf:params:xml:ns:netconf:base:1.0
  name: urn:ietf:params:xml:ns:yang:ietf-netconf-with-defaults?module=ietf-netconf-with-defaults
  revision: 2011-06-01
- namespace: urn:ietf:params:xml:ns:netconf:base:1.0
  name: urn:ietf:params:xml:ns:yang:ietf-origin?module=ietf-origin
  revision: 2018-02-14
- namespace: urn:ietf:params:xml:ns:netconf:base:1.0
  name: urn:ietf:params:xml:ns:yang:ietf-yang-library?module=ietf-yang-library
  revision: 2019-01-04
- namespace: urn:ietf:params:xml:ns:netconf:base:1.0
  name: urn:ietf:params:xml:ns:yang:ietf-yang-metadata?module=ietf-yang-metadata
  revision: 2016-08-05
- namespace: urn:ietf:params:xml:ns:netconf:base:1.0
  name: urn:ietf:params:xml:ns:yang:ietf-yang-types?module=ietf-yang-types
  revision: 2013-07-15
- namespace: urn:ietf:params:xml:ns:netconf:base:1.0
  name: urn:nokia.com:srlinux:aaa:aaa-password?module=srl_nokia-aaa-password
  revision: 2024-03-31
- namespace: urn:ietf:params:xml:ns:netconf:base:1.0
  name: urn:nokia.com:srlinux:aaa:aaa-types?module=srl_nokia-aaa-types
  revision: 2023-03-31
- namespace: urn:ietf:params:xml:ns:netconf:base:1.0
  name: urn:nokia.com:srlinux:aaa:aaa?module=srl_nokia-aaa
  revision: 2024-10-31
- namespace: urn:ietf:params:xml:ns:netconf:base:1.0
  name: urn:nokia.com:srlinux:aaa:gnsi-authz?module=srl_nokia-gnsi-authz
  revision: 2024-10-31
- namespace: urn:ietf:params:xml:ns:netconf:base:1.0
  name: urn:nokia.com:srlinux:aaa:gnsi-pathz?module=srl_nokia-gnsi-pathz
  revision: 2024-10-31
- namespace: urn:ietf:params:xml:ns:netconf:base:1.0
  name: urn:nokia.com:srlinux:acl:acl-policers?module=srl_nokia-acl-policers
  revision: 2024-07-31
- namespace: urn:ietf:params:xml:ns:netconf:base:1.0
  name: urn:nokia.com:srlinux:acl:acl-qos?module=srl_nokia-acl-qos
  revision: 2024-10-31
- namespace: urn:ietf:params:xml:ns:netconf:base:1.0
  name: urn:nokia.com:srlinux:acl:acl?module=srl_nokia-acl
  revision: 2024-10-31
- namespace: urn:ietf:params:xml:ns:netconf:base:1.0
  name: urn:nokia.com:srlinux:acl:packet-match-types?module=srl_nokia-packet-match-types
  revision: 2024-07-31
- namespace: urn:ietf:params:xml:ns:netconf:base:1.0
  name: urn:nokia.com:srlinux:acl:policy-forwarding?module=srl_nokia-policy-forwarding
  revision: 2024-10-31
- namespace: urn:ietf:params:xml:ns:netconf:base:1.0
  name: urn:nokia.com:srlinux:app:app-mgmt?module=srl_nokia-app-mgmt
  revision: 2022-03-31
- namespace: urn:ietf:params:xml:ns:netconf:base:1.0
  name: urn:nokia.com:srlinux:arp-nd:interfaces-nbr-virtual-ip-discovery?module=srl_nokia-interfaces-nbr-virtual-ip-discovery
  revision: 2023-03-31
- namespace: urn:ietf:params:xml:ns:netconf:base:1.0
  name: urn:nokia.com:srlinux:arp-nd:interfaces-nbr?module=srl_nokia-interfaces-nbr
  revision: 2024-10-31
- namespace: urn:ietf:params:xml:ns:netconf:base:1.0
  name: urn:nokia.com:srlinux:arp-nd:interfaces-router-adv?module=srl_nokia-interfaces-router-adv
  revision: 2021-11-30
- namespace: urn:ietf:params:xml:ns:netconf:base:1.0
  name: urn:nokia.com:srlinux:bfd:bfd?module=srl_nokia-bfd
  revision: 2024-10-31
- namespace: urn:ietf:params:xml:ns:netconf:base:1.0
  name: urn:nokia.com:srlinux:bfd:micro-bfd?module=srl_nokia-micro-bfd
  revision: 2024-10-31
- namespace: urn:ietf:params:xml:ns:netconf:base:1.0
  name: urn:nokia.com:srlinux:bfd:seamless-bfd?module=srl_nokia-seamless-bfd
  revision: 2024-07-31
- namespace: urn:ietf:params:xml:ns:netconf:base:1.0
  name: urn:nokia.com:srlinux:bgp:bgp-vpn?module=srl_nokia-bgp-vpn
  revision: 2024-10-31
- namespace: urn:ietf:params:xml:ns:netconf:base:1.0
  name: urn:nokia.com:srlinux:bgp:bgp?module=srl_nokia-bgp
  revision: 2024-10-31
- namespace: urn:ietf:params:xml:ns:netconf:base:1.0
  name: urn:nokia.com:srlinux:bgp:rib-bgp?module=srl_nokia-rib-bgp
  revision: 2024-10-31
- namespace: urn:ietf:params:xml:ns:netconf:base:1.0
  name: urn:nokia.com:srlinux:bgp:system-network-instance-bgp-vpn?module=srl_nokia-system-network-instance-bgp-vpn
  revision: 2024-10-31
- namespace: urn:ietf:params:xml:ns:netconf:base:1.0
  name: urn:nokia.com:srlinux:chassis:boot?module=srl_nokia-boot
  revision: 2024-07-31
- namespace: urn:ietf:params:xml:ns:netconf:base:1.0
  name: urn:nokia.com:srlinux:chassis:if-ip?module=srl_nokia-if-ip
  revision: 2024-10-31
- namespace: urn:ietf:params:xml:ns:netconf:base:1.0
  name: urn:nokia.com:srlinux:chassis:if-mpls?module=srl_nokia-if-mpls
  revision: 2024-07-31
- namespace: urn:ietf:params:xml:ns:netconf:base:1.0
  name: urn:nokia.com:srlinux:chassis:interfaces-bridge-table?module=srl_nokia-interfaces-bridge-table
  revision: 2021-06-30
- namespace: urn:ietf:params:xml:ns:netconf:base:1.0
  name: urn:nokia.com:srlinux:chassis:interfaces-dco?module=srl_nokia-interfaces-dco
  revision: 2024-10-31
- namespace: urn:ietf:params:xml:ns:netconf:base:1.0
  name: urn:nokia.com:srlinux:chassis:interfaces-ip-dhcp?module=srl_nokia-interfaces-ip-dhcp
  revision: 2022-03-31
- namespace: urn:ietf:params:xml:ns:netconf:base:1.0
  name: urn:nokia.com:srlinux:chassis:interfaces-l2cp?module=srl_nokia-interfaces-l2cp
  revision: 2024-10-31
- namespace: urn:ietf:params:xml:ns:netconf:base:1.0
  name: urn:nokia.com:srlinux:chassis:interfaces-p4rt?module=srl_nokia-interfaces-p4rt
  revision: 2022-06-30
- namespace: urn:ietf:params:xml:ns:netconf:base:1.0
  name: urn:nokia.com:srlinux:chassis:interfaces-vlans?module=srl_nokia-interfaces-vlans
  revision: 2024-10-31
- namespace: urn:ietf:params:xml:ns:netconf:base:1.0
  name: urn:nokia.com:srlinux:chassis:interfaces-vxdp?module=srl_nokia-interfaces-vxdp
  revision: 2022-11-30
- namespace: urn:ietf:params:xml:ns:netconf:base:1.0
  name: urn:nokia.com:srlinux:chassis:interfaces?module=srl_nokia-interfaces
  revision: 2024-10-31
- namespace: urn:ietf:params:xml:ns:netconf:base:1.0
  name: urn:nokia.com:srlinux:chassis:mtu?module=srl_nokia-mtu
  revision: 2024-10-31
- namespace: urn:ietf:params:xml:ns:netconf:base:1.0
  name: urn:nokia.com:srlinux:chassis:packet-link-qual?module=srl_nokia-packet-link-qual
  revision: 2024-03-31
- namespace: urn:ietf:params:xml:ns:netconf:base:1.0
  name: urn:nokia.com:srlinux:chassis:platform-acl?module=srl_nokia-platform-acl
  revision: 2024-10-31
- namespace: urn:ietf:params:xml:ns:netconf:base:1.0
  name: urn:nokia.com:srlinux:chassis:platform-chassis?module=srl_nokia-platform-chassis
  revision: 2024-10-31
- namespace: urn:ietf:params:xml:ns:netconf:base:1.0
  name: urn:nokia.com:srlinux:chassis:platform-control-fp?module=srl_nokia-platform-control-fp
  revision: 2024-10-31
- namespace: urn:ietf:params:xml:ns:netconf:base:1.0
  name: urn:nokia.com:srlinux:chassis:platform-control?module=srl_nokia-platform-control
  revision: 2024-10-31
- namespace: urn:ietf:params:xml:ns:netconf:base:1.0
  name: urn:nokia.com:srlinux:chassis:platform-datapath-resources?module=srl_nokia-platform-datapath-resources
  revision: 2024-10-31
- namespace: urn:ietf:params:xml:ns:netconf:base:1.0
  name: urn:nokia.com:srlinux:chassis:platform-fabric?module=srl_nokia-platform-fabric
  revision: 2023-03-31
- namespace: urn:ietf:params:xml:ns:netconf:base:1.0
  name: urn:nokia.com:srlinux:chassis:platform-fan?module=srl_nokia-platform-fan
  revision: 2024-03-31
- namespace: urn:ietf:params:xml:ns:netconf:base:1.0
  name: urn:nokia.com:srlinux:chassis:platform-healthz?module=srl_nokia-platform-healthz
  revision: 2023-10-31
- namespace: urn:ietf:params:xml:ns:netconf:base:1.0
  name: urn:nokia.com:srlinux:chassis:platform-lc?module=srl_nokia-platform-lc
  revision: 2024-10-31
- namespace: urn:ietf:params:xml:ns:netconf:base:1.0
  name: urn:nokia.com:srlinux:chassis:platform-linecard-fib?module=srl_nokia-platform-linecard-fib
  revision: 2024-03-31
- namespace: urn:ietf:params:xml:ns:netconf:base:1.0
  name: urn:nokia.com:srlinux:chassis:platform-mtu?module=srl_nokia-platform-mtu
  revision: 2024-10-31
- namespace: urn:ietf:params:xml:ns:netconf:base:1.0
  name: urn:nokia.com:srlinux:chassis:platform-p4rt?module=srl_nokia-platform-p4rt
  revision: 2022-06-30
- namespace: urn:ietf:params:xml:ns:netconf:base:1.0
  name: urn:nokia.com:srlinux:chassis:platform-pipeline-counters?module=srl_nokia-platform-pipeline-counters
  revision: 2024-10-31
- namespace: urn:ietf:params:xml:ns:netconf:base:1.0
  name: urn:nokia.com:srlinux:chassis:platform-psu?module=srl_nokia-platform-psu
  revision: 2024-03-31
- namespace: urn:ietf:params:xml:ns:netconf:base:1.0
  name: urn:nokia.com:srlinux:chassis:platform-qos?module=srl_nokia-platform-qos
  revision: 2024-10-31
- namespace: urn:ietf:params:xml:ns:netconf:base:1.0
  name: urn:nokia.com:srlinux:chassis:platform-redundancy?module=srl_nokia-platform-redundancy
  revision: 2024-10-31
- namespace: urn:ietf:params:xml:ns:netconf:base:1.0
  name: urn:nokia.com:srlinux:chassis:platform-resource-mgmt?module=srl_nokia-platform-resource-mgmt
  revision: 2023-03-31
- namespace: urn:ietf:params:xml:ns:netconf:base:1.0
  name: urn:nokia.com:srlinux:chassis:platform-resource-monitoring?module=srl_nokia-platform-resource-monitoring
  revision: 2019-11-30
- namespace: urn:ietf:params:xml:ns:netconf:base:1.0
  name: urn:nokia.com:srlinux:chassis:platform-secure-boot?module=srl_nokia-platform-secure-boot
  revision: 2024-07-31
- namespace: urn:ietf:params:xml:ns:netconf:base:1.0
  name: urn:nokia.com:srlinux:chassis:platform-tcam?module=srl_nokia-platform-tcam
  revision: 2024-10-31
- namespace: urn:ietf:params:xml:ns:netconf:base:1.0
  name: urn:nokia.com:srlinux:chassis:platform-tpm?module=srl_nokia-platform-tpm
  revision: 2024-07-31
- namespace: urn:ietf:params:xml:ns:netconf:base:1.0
  name: urn:nokia.com:srlinux:chassis:platform-vxdp?module=srl_nokia-platform-vxdp
  revision: 2022-11-30
- namespace: urn:ietf:params:xml:ns:netconf:base:1.0
  name: urn:nokia.com:srlinux:chassis:platform?module=srl_nokia-platform
  revision: 2024-03-31
- namespace: urn:ietf:params:xml:ns:netconf:base:1.0
  name: urn:nokia.com:srlinux:chassis:system-name?module=srl_nokia-system-name
  revision: 2019-11-30
- namespace: urn:ietf:params:xml:ns:netconf:base:1.0
  name: urn:nokia.com:srlinux:chassis:terminal-device?module=srl_nokia-terminal-device
  revision: 2024-10-31
- namespace: urn:ietf:params:xml:ns:netconf:base:1.0
  name: urn:nokia.com:srlinux:dhcp-relay:interfaces-ip-dhcp-relay?module=srl_nokia-interfaces-ip-dhcp-relay
  revision: 2024-03-31
- namespace: urn:ietf:params:xml:ns:netconf:base:1.0
  name: urn:nokia.com:srlinux:dhcp:dhcp-server?module=srl_nokia-dhcp-server
  revision: 2022-03-31
- namespace: urn:ietf:params:xml:ns:netconf:base:1.0
  name: urn:nokia.com:srlinux:dhcp:interfaces-ip-dhcp-server?module=srl_nokia-interfaces-ip-dhcp-server
  revision: 2022-03-31
- namespace: urn:ietf:params:xml:ns:netconf:base:1.0
  name: urn:nokia.com:srlinux:ethcfm:ethcfm?module=srl_nokia-ethcfm
  revision: 2024-10-31
- namespace: urn:ietf:params:xml:ns:netconf:base:1.0
  name: urn:nokia.com:srlinux:ethcfm:oam-pm-ethcfm?module=srl_nokia-oam-pm-ethcfm
  revision: 2024-07-31
- namespace: urn:ietf:params:xml:ns:netconf:base:1.0
  name: urn:nokia.com:srlinux:event:event-handler?module=srl_nokia-event-handler
  revision: 2022-11-30
- namespace: urn:ietf:params:xml:ns:netconf:base:1.0
  name: urn:nokia.com:srlinux:evpn-mpls-multicast-tep:system-bridge-table-evpn-mpls-multicast-tep?module=srl_nokia-system-bridge-table-evpn-mpls-multicast-tep
  revision: 2024-07-31
- namespace: urn:ietf:params:xml:ns:netconf:base:1.0
  name: urn:nokia.com:srlinux:evpn:bgp-evpn-bgp-instance-vpws-destinations-remote-ac?module=srl_nokia-bgp-evpn-bgp-instance-vpws-destinations-remote-ac
  revision: 2024-03-31
- namespace: urn:ietf:params:xml:ns:netconf:base:1.0
  name: urn:nokia.com:srlinux:evpn:interfaces-ethernet-segment-association?module=srl_nokia-interfaces-ethernet-segment-association
  revision: 2022-03-31
- namespace: urn:ietf:params:xml:ns:netconf:base:1.0
  name: urn:nokia.com:srlinux:evpn:interfaces-nbr-evpn?module=srl_nokia-interfaces-nbr-evpn
  revision: 2024-03-31
- namespace: urn:ietf:params:xml:ns:netconf:base:1.0
  name: urn:nokia.com:srlinux:evpn:mpls-services-evpn-label-management?module=srl_nokia-mpls-services-evpn-label-management
  revision: 2022-03-31
- namespace: urn:ietf:params:xml:ns:netconf:base:1.0
  name: urn:nokia.com:srlinux:evpn:system-bridge-table-evpn?module=srl_nokia-system-bridge-table-evpn
  revision: 2024-07-31
- namespace: urn:ietf:params:xml:ns:netconf:base:1.0
  name: urn:nokia.com:srlinux:evpn:system-network-instance-bgp-evpn-ethernet-segments?module=srl_nokia-system-network-instance-bgp-evpn-ethernet-segments
  revision: 2024-07-31
- namespace: urn:ietf:params:xml:ns:netconf:base:1.0
  name: urn:nokia.com:srlinux:fhs:ra_guard?module=srl_nokia-ra_guard
  revision: 2024-03-31
- namespace: urn:ietf:params:xml:ns:netconf:base:1.0
  name: urn:nokia.com:srlinux:fib:aft?module=srl_nokia-aft
  revision: 2024-10-31
- namespace: urn:ietf:params:xml:ns:netconf:base:1.0
  name: urn:nokia.com:srlinux:fib:ip-route-tables?module=srl_nokia-ip-route-tables
  revision: 2024-10-31
- namespace: urn:ietf:params:xml:ns:netconf:base:1.0
  name: urn:nokia.com:srlinux:fib:mpls-route-tables?module=srl_nokia-mpls-route-tables
  revision: 2024-07-31
- namespace: urn:ietf:params:xml:ns:netconf:base:1.0
  name: urn:nokia.com:srlinux:fib:tunnel-tables?module=srl_nokia-tunnel-tables
  revision: 2024-07-31
- namespace: urn:ietf:params:xml:ns:netconf:base:1.0
  name: urn:nokia.com:srlinux:general:aaa-radius?module=srl_nokia-aaa-radius
  revision: 2024-10-31
- namespace: urn:ietf:params:xml:ns:netconf:base:1.0
  name: urn:nokia.com:srlinux:general:aaa-tacacs?module=srl_nokia-aaa-tacacs
  revision: 2024-03-31
- namespace: urn:ietf:params:xml:ns:netconf:base:1.0
  name: urn:nokia.com:srlinux:general:common?module=srl_nokia-common
  revision: 2024-10-31
- namespace: urn:ietf:params:xml:ns:netconf:base:1.0
  name: urn:nokia.com:srlinux:general:configuration-role?module=srl_nokia-configuration-role
  revision: 2021-03-31
- namespace: urn:ietf:params:xml:ns:netconf:base:1.0
  name: urn:nokia.com:srlinux:general:configuration?module=srl_nokia-configuration
  revision: 2024-07-31
- namespace: urn:ietf:params:xml:ns:netconf:base:1.0
  name: urn:nokia.com:srlinux:general:ethcfm-types?module=srl_nokia-ethcfm-types
  revision: 2024-10-31
- namespace: urn:ietf:params:xml:ns:netconf:base:1.0
  name: urn:nokia.com:srlinux:general:extensions?module=srl_nokia-extensions
  revision: 2024-10-31
- namespace: urn:ietf:params:xml:ns:netconf:base:1.0
  name: urn:nokia.com:srlinux:general:features?module=srl_nokia-features
  revision: 2024-10-31
- namespace: urn:ietf:params:xml:ns:netconf:base:1.0
  name: urn:nokia.com:srlinux:general:isis-types?module=srl_nokia-isis-types
  revision: 2024-10-31
- namespace: urn:ietf:params:xml:ns:netconf:base:1.0
  name: urn:nokia.com:srlinux:general:maintenance-mode?module=srl_nokia-maintenance-mode
  revision: 2024-10-31
- namespace: urn:ietf:params:xml:ns:netconf:base:1.0
  name: urn:nokia.com:srlinux:general:oam-pm-types?module=srl_nokia-oam-pm-types
  revision: 2024-10-31
- namespace: urn:ietf:params:xml:ns:netconf:base:1.0
  name: urn:nokia.com:srlinux:general:oam-pm?module=srl_nokia-oam-pm
  revision: 2024-10-31
- namespace: urn:ietf:params:xml:ns:netconf:base:1.0
  name: urn:nokia.com:srlinux:general:ospf-types?module=srl_nokia-ospf-types
  revision: 2023-03-31
- namespace: urn:ietf:params:xml:ns:netconf:base:1.0
  name: urn:nokia.com:srlinux:general:policy-types?module=srl_nokia-policy-types
  revision: 2024-10-31
- namespace: urn:ietf:params:xml:ns:netconf:base:1.0
  name: urn:nokia.com:srlinux:general:system-multicast?module=srl_nokia-system-multicast
  revision: 2023-03-31
- namespace: urn:ietf:params:xml:ns:netconf:base:1.0
  name: urn:nokia.com:srlinux:general:system-protocols?module=srl_nokia-system-protocols
  revision: 2023-07-31
- namespace: urn:ietf:params:xml:ns:netconf:base:1.0
  name: urn:nokia.com:srlinux:general:system?module=srl_nokia-system
  revision: 2024-03-31
- namespace: urn:ietf:params:xml:ns:netconf:base:1.0
  name: urn:nokia.com:srlinux:grpc:gnmi?module=srl_nokia-gnmi
  revision: 2024-03-31
- namespace: urn:ietf:params:xml:ns:netconf:base:1.0
  name: urn:nokia.com:srlinux:grpc:gribi?module=srl_nokia-gribi
  revision: 2024-10-31
- namespace: urn:ietf:params:xml:ns:netconf:base:1.0
  name: urn:nokia.com:srlinux:grpc:grpc?module=srl_nokia-grpc
  revision: 2024-10-31
- namespace: urn:ietf:params:xml:ns:netconf:base:1.0
  name: urn:nokia.com:srlinux:grpc:p4rt?module=srl_nokia-p4rt
  revision: 2024-03-31
- namespace: urn:ietf:params:xml:ns:netconf:base:1.0
  name: urn:nokia.com:srlinux:ietf:ietf-srl-deviations?module=ietf-srl-deviations
  revision: 2024-06-24
- namespace: urn:ietf:params:xml:ns:netconf:base:1.0
  name: urn:nokia.com:srlinux:igmp:igmp-snooping?module=srl_nokia-igmp-snooping
  revision: 2024-03-31
- namespace: urn:ietf:params:xml:ns:netconf:base:1.0
  name: urn:nokia.com:srlinux:igmp:igmp-types?module=srl_nokia-igmp-types
  revision: 2023-03-31
- namespace: urn:ietf:params:xml:ns:netconf:base:1.0
  name: urn:nokia.com:srlinux:igmp:igmp?module=srl_nokia-igmp
  revision: 2023-07-31
- namespace: urn:ietf:params:xml:ns:netconf:base:1.0
  name: urn:nokia.com:srlinux:igmp:mld-snooping?module=srl_nokia-mld-snooping
  revision: 2024-03-31
- namespace: urn:ietf:params:xml:ns:netconf:base:1.0
  name: urn:nokia.com:srlinux:igmp:mld?module=srl_nokia-mld
  revision: 2023-07-31
- namespace: urn:ietf:params:xml:ns:netconf:base:1.0
  name: urn:nokia.com:srlinux:igmp:system-network-instance-bgp-evpn-multicast?module=srl_nokia-system-network-instance-bgp-evpn-multicast
  revision: 2024-03-31
- namespace: urn:ietf:params:xml:ns:netconf:base:1.0
  name: urn:nokia.com:srlinux:isis:isis-lsdb-types?module=srl_nokia-isis-lsdb-types
  revision: 2024-03-31
- namespace: urn:ietf:params:xml:ns:netconf:base:1.0
  name: urn:nokia.com:srlinux:isis:isis-lsdb?module=srl_nokia-isis-lsdb
  revision: 2024-10-31
- namespace: urn:ietf:params:xml:ns:netconf:base:1.0
  name: urn:nokia.com:srlinux:isis:isis?module=srl_nokia-isis
  revision: 2024-10-31
- namespace: urn:ietf:params:xml:ns:netconf:base:1.0
  name: urn:nokia.com:srlinux:json-rpc:json-rpc?module=srl_nokia-json-rpc
  revision: 2024-10-31
- namespace: urn:ietf:params:xml:ns:netconf:base:1.0
  name: urn:nokia.com:srlinux:l2-mac-learn:bridge-table-mac-learning-entries?module=srl_nokia-bridge-table-mac-learning-entries
  revision: 2021-03-31
- namespace: urn:ietf:params:xml:ns:netconf:base:1.0
  name: urn:nokia.com:srlinux:l2-mac-learn:connection-point-bridge-table-mac-learning-entries?module=srl_nokia-connection-point-bridge-table-mac-learning-entries
  revision: 2024-03-31
- namespace: urn:ietf:params:xml:ns:netconf:base:1.0
  name: urn:nokia.com:srlinux:l2-mac-learn:interfaces-bridge-table-mac-learning-entries?module=srl_nokia-interfaces-bridge-table-mac-learning-entries
  revision: 2020-06-30
- namespace: urn:ietf:params:xml:ns:netconf:base:1.0
  name: urn:nokia.com:srlinux:l2-mac:bgp-evpn-bgp-instance-mpls-bridge-table-statistics?module=srl_nokia-bgp-evpn-bgp-instance-mpls-bridge-table-statistics
  revision: 2022-03-31
- namespace: urn:ietf:params:xml:ns:netconf:base:1.0
  name: urn:nokia.com:srlinux:l2-mac:bgp-evpn-bgp-instance-mpls-bridge-table-unicast-destinations?module=srl_nokia-bgp-evpn-bgp-instance-mpls-bridge-table-unicast-destinations
  revision: 2024-10-31
- namespace: urn:ietf:params:xml:ns:netconf:base:1.0
  name: urn:nokia.com:srlinux:l2-mac:bridge-table-mac-duplication-entries?module=srl_nokia-bridge-table-mac-duplication-entries
  revision: 2021-03-31
- namespace: urn:ietf:params:xml:ns:netconf:base:1.0
  name: urn:nokia.com:srlinux:l2-mac:bridge-table-mac-table?module=srl_nokia-bridge-table-mac-table
  revision: 2024-10-31
- namespace: urn:ietf:params:xml:ns:netconf:base:1.0
  name: urn:nokia.com:srlinux:l2-mac:bridge-table-reserved-macs?module=srl_nokia-bridge-table-reserved-macs
  revision: 2021-11-30
- namespace: urn:ietf:params:xml:ns:netconf:base:1.0
  name: urn:nokia.com:srlinux:l2-mac:connection-point-bridge-table-mac-duplication-entries?module=srl_nokia-connection-point-bridge-table-mac-duplication-entries
  revision: 2024-03-31
- namespace: urn:ietf:params:xml:ns:netconf:base:1.0
  name: urn:nokia.com:srlinux:l2-mac:connection-point-bridge-table-mac-table?module=srl_nokia-connection-point-bridge-table-mac-table
  revision: 2024-03-31
- namespace: urn:ietf:params:xml:ns:netconf:base:1.0
  name: urn:nokia.com:srlinux:l2-mac:connection-point-bridge-table-statistics?module=srl_nokia-connection-point-bridge-table-statistics
  revision: 2024-03-31
- namespace: urn:ietf:params:xml:ns:netconf:base:1.0
  name: urn:nokia.com:srlinux:l2-mac:interfaces-bridge-table-mac-duplication-entries?module=srl_nokia-interfaces-bridge-table-mac-duplication-entries
  revision: 2021-03-31
- namespace: urn:ietf:params:xml:ns:netconf:base:1.0
  name: urn:nokia.com:srlinux:l2-mac:interfaces-bridge-table-mac-table?module=srl_nokia-interfaces-bridge-table-mac-table
  revision: 2024-10-31
- namespace: urn:ietf:params:xml:ns:netconf:base:1.0
  name: urn:nokia.com:srlinux:l2-mac:interfaces-bridge-table-statistics?module=srl_nokia-interfaces-bridge-table-statistics
  revision: 2020-06-30
- namespace: urn:ietf:params:xml:ns:netconf:base:1.0
  name: urn:nokia.com:srlinux:l2-mac:system-bridge-table?module=srl_nokia-system-bridge-table
  revision: 2020-06-30
- namespace: urn:ietf:params:xml:ns:netconf:base:1.0
  name: urn:nokia.com:srlinux:l2-mac:tunnel-interfaces-vxlan-interface-bridge-table-unicast-destinations?module=srl_nokia-tunnel-interfaces-vxlan-interface-bridge-table-unicast-destinations
  revision: 2024-10-31
- namespace: urn:ietf:params:xml:ns:netconf:base:1.0
  name: urn:nokia.com:srlinux:l2-mac:tunnel-interfaces-vxlan-interface-bridge-table?module=srl_nokia-tunnel-interfaces-vxlan-interface-bridge-table
  revision: 2021-06-30
- namespace: urn:ietf:params:xml:ns:netconf:base:1.0
  name: urn:nokia.com:srlinux:l2-proxy-arp-nd:bridge-table-proxy-arp-nd?module=srl_nokia-bridge-table-proxy-arp-nd
  revision: 2024-07-31
- namespace: urn:ietf:params:xml:ns:netconf:base:1.0
  name: urn:nokia.com:srlinux:l2-proxy-arp-nd:system-bridge-table-proxy-arp?module=srl_nokia-system-bridge-table-proxy-arp
  revision: 2022-11-30
- namespace: urn:ietf:params:xml:ns:netconf:base:1.0
  name: urn:nokia.com:srlinux:l2-static-mac:bridge-table-static-mac?module=srl_nokia-bridge-table-static-mac
  revision: 2024-10-31
- namespace: urn:ietf:params:xml:ns:netconf:base:1.0
  name: urn:nokia.com:srlinux:label:mpls-label-management?module=srl_nokia-mpls-label-management
  revision: 2024-03-31
- namespace: urn:ietf:params:xml:ns:netconf:base:1.0
  name: urn:nokia.com:srlinux:lag:interfaces-lag?module=srl_nokia-interfaces-lag
  revision: 2024-10-31
- namespace: urn:ietf:params:xml:ns:netconf:base:1.0
  name: urn:nokia.com:srlinux:lag:lacp?module=srl_nokia-lacp
  revision: 2023-03-31
- namespace: urn:ietf:params:xml:ns:netconf:base:1.0
  name: urn:nokia.com:srlinux:ldp:ldp?module=srl_nokia-ldp
  revision: 2024-10-31
- namespace: urn:ietf:params:xml:ns:netconf:base:1.0
  name: urn:nokia.com:srlinux:license:license?module=srl_nokia-license
  revision: 2024-03-31
- namespace: urn:ietf:params:xml:ns:netconf:base:1.0
  name: urn:nokia.com:srlinux:linux:datapath?module=srl_nokia-system-datapath
  revision: 2024-07-31
- namespace: urn:ietf:params:xml:ns:netconf:base:1.0
  name: urn:nokia.com:srlinux:linux:dns?module=srl_nokia-dns
  revision: 2024-10-31
- namespace: urn:ietf:params:xml:ns:netconf:base:1.0
  name: urn:nokia.com:srlinux:linux:ftp?module=srl_nokia-ftp
  revision: 2024-07-31
- namespace: urn:ietf:params:xml:ns:netconf:base:1.0
  name: urn:nokia.com:srlinux:linux:gnsi-certz?module=srl_nokia-gnsi-certz
  revision: 2024-03-31
- namespace: urn:ietf:params:xml:ns:netconf:base:1.0
  name: urn:nokia.com:srlinux:linux:gnsi-credentialz?module=srl_nokia-gnsi-credentialz
  revision: 2024-03-31
- namespace: urn:ietf:params:xml:ns:netconf:base:1.0
  name: urn:nokia.com:srlinux:linux:keychains?module=srl_nokia-keychains
  revision: 2024-10-31
- namespace: urn:ietf:params:xml:ns:netconf:base:1.0
  name: urn:nokia.com:srlinux:linux:linux?module=srl_nokia-linux
  revision: 2019-11-30
- namespace: urn:ietf:params:xml:ns:netconf:base:1.0
  name: urn:nokia.com:srlinux:linux:load-balancing?module=srl_nokia-load-balancing
  revision: 2024-10-31
- namespace: urn:ietf:params:xml:ns:netconf:base:1.0
  name: urn:nokia.com:srlinux:linux:network-instance-mtu?module=srl_nokia-network-instance-mtu
  revision: 2024-10-31
- namespace: urn:ietf:params:xml:ns:netconf:base:1.0
  name: urn:nokia.com:srlinux:linux:ntp?module=srl_nokia-ntp
  revision: 2024-10-31
- namespace: urn:ietf:params:xml:ns:netconf:base:1.0
  name: urn:nokia.com:srlinux:linux:platform-cgroup?module=srl_nokia-platform-cgroup
  revision: 2024-03-31
- namespace: urn:ietf:params:xml:ns:netconf:base:1.0
  name: urn:nokia.com:srlinux:linux:platform-cpu?module=srl_nokia-platform-cpu
  revision: 2024-03-31
- namespace: urn:ietf:params:xml:ns:netconf:base:1.0
  name: urn:nokia.com:srlinux:linux:platform-disk?module=srl_nokia-platform-disk
  revision: 2024-07-31
- namespace: urn:ietf:params:xml:ns:netconf:base:1.0
  name: urn:nokia.com:srlinux:linux:platform-memory?module=srl_nokia-platform-memory
  revision: 2019-11-30
- namespace: urn:ietf:params:xml:ns:netconf:base:1.0
  name: urn:nokia.com:srlinux:linux:sflow?module=srl_nokia-sflow
  revision: 2024-10-31
- namespace: urn:ietf:params:xml:ns:netconf:base:1.0
  name: urn:nokia.com:srlinux:linux:snmp?module=srl_nokia-system-snmp
  revision: 2024-07-31
- namespace: urn:ietf:params:xml:ns:netconf:base:1.0
  name: urn:nokia.com:srlinux:linux:ssh?module=srl_nokia-ssh
  revision: 2024-07-31
- namespace: urn:ietf:params:xml:ns:netconf:base:1.0
  name: urn:nokia.com:srlinux:linux:system-banner?module=srl_nokia-system-banner
  revision: 2019-11-30
- namespace: urn:ietf:params:xml:ns:netconf:base:1.0
  name: urn:nokia.com:srlinux:linux:system-info?module=srl_nokia-system-info
  revision: 2024-03-31
- namespace: urn:ietf:params:xml:ns:netconf:base:1.0
  name: urn:nokia.com:srlinux:linux:system-utilization?module=srl_nokia-system-utilization
  revision: 2024-10-31
- namespace: urn:ietf:params:xml:ns:netconf:base:1.0
  name: urn:nokia.com:srlinux:linux:tcp-udp?module=srl_nokia-tcp-udp
  revision: 2019-11-30
- namespace: urn:ietf:params:xml:ns:netconf:base:1.0
  name: urn:nokia.com:srlinux:linux:timezone?module=srl_nokia-timezone
  revision: 2020-06-30
- namespace: urn:ietf:params:xml:ns:netconf:base:1.0
  name: urn:nokia.com:srlinux:linux:tls?module=srl_nokia-tls
  revision: 2024-10-31
- namespace: urn:ietf:params:xml:ns:netconf:base:1.0
  name: urn:nokia.com:srlinux:lldp:lldp-types?module=srl_nokia-lldp-types
  revision: 2019-11-30
- namespace: urn:ietf:params:xml:ns:netconf:base:1.0
  name: urn:nokia.com:srlinux:lldp:lldp?module=srl_nokia-lldp
  revision: 2024-07-31
- namespace: urn:ietf:params:xml:ns:netconf:base:1.0
  name: urn:nokia.com:srlinux:log:logging?module=srl_nokia-logging
  revision: 2024-10-31
- namespace: urn:ietf:params:xml:ns:netconf:base:1.0
  name: urn:nokia.com:srlinux:macsec:macsec?module=srl_nokia-macsec
  revision: 2024-10-31
- namespace: urn:ietf:params:xml:ns:netconf:base:1.0
  name: urn:nokia.com:srlinux:macsec:transport-security?module=srl_nokia-transport-security
  revision: 2023-03-31
- namespace: urn:ietf:params:xml:ns:netconf:base:1.0
  name: urn:nokia.com:srlinux:mcid:bgp-evpn-bgp-instance-mpls-bridge-table-multicast-destinations?module=srl_nokia-bgp-evpn-bgp-instance-mpls-bridge-table-multicast-destinations
  revision: 2023-10-31
- namespace: urn:ietf:params:xml:ns:netconf:base:1.0
  name: urn:nokia.com:srlinux:mcid:tunnel-interfaces-vxlan-interface-bridge-table-multicast-destinations?module=srl_nokia-tunnel-interfaces-vxlan-interface-bridge-table-multicast-destinations
  revision: 2023-10-31
- namespace: urn:ietf:params:xml:ns:netconf:base:1.0
  name: urn:nokia.com:srlinux:mfib:multicast-mfib-tables?module=srl_nokia-multicast-mfib-tables
  revision: 2023-07-31
- namespace: urn:ietf:params:xml:ns:netconf:base:1.0
  name: urn:nokia.com:srlinux:mfib:system-multicast-mfib-table?module=srl_nokia-system-multicast-mfib-table
  revision: 2023-03-31
- namespace: urn:ietf:params:xml:ns:netconf:base:1.0
  name: urn:nokia.com:srlinux:mirror:interfaces-local-mirror-destination?module=srl_nokia-interfaces-local-mirror-destination
  revision: 2024-03-31
- namespace: urn:ietf:params:xml:ns:netconf:base:1.0
  name: urn:nokia.com:srlinux:mirror:mirroring?module=srl_nokia-mirroring
  revision: 2024-10-31
- namespace: urn:ietf:params:xml:ns:netconf:base:1.0
  name: urn:nokia.com:srlinux:mpls:mpls?module=srl_nokia-mpls
  revision: 2021-11-30
- namespace: urn:ietf:params:xml:ns:netconf:base:1.0
  name: urn:nokia.com:srlinux:net-inst:bgp-evpn?module=srl_nokia-bgp-evpn
  revision: 2024-10-31
- namespace: urn:ietf:params:xml:ns:netconf:base:1.0
  name: urn:nokia.com:srlinux:net-inst:bgp-ipvpn?module=srl_nokia-bgp-ipvpn
  revision: 2024-07-31
- namespace: urn:ietf:params:xml:ns:netconf:base:1.0
  name: urn:nokia.com:srlinux:net-inst:bridge-table-mac-duplication?module=srl_nokia-bridge-table-mac-duplication
  revision: 2021-03-31
- namespace: urn:ietf:params:xml:ns:netconf:base:1.0
  name: urn:nokia.com:srlinux:net-inst:bridge-table-mac-learning?module=srl_nokia-bridge-table-mac-learning
  revision: 2020-06-30
- namespace: urn:ietf:params:xml:ns:netconf:base:1.0
  name: urn:nokia.com:srlinux:net-inst:bridge-table-mac-limit?module=srl_nokia-bridge-table-mac-limit
  revision: 2024-03-31
- namespace: urn:ietf:params:xml:ns:netconf:base:1.0
  name: urn:nokia.com:srlinux:net-inst:bridge-table-shg?module=srl_nokia-bridge-table-shg
  revision: 2024-10-31
- namespace: urn:ietf:params:xml:ns:netconf:base:1.0
  name: urn:nokia.com:srlinux:net-inst:bridge-table?module=srl_nokia-bridge-table
  revision: 2024-07-31
- namespace: urn:ietf:params:xml:ns:netconf:base:1.0
  name: urn:nokia.com:srlinux:net-inst:connection-point-pseudowires?module=srl_nokia-connection-point-pseudowires
  revision: 2024-10-31
- namespace: urn:ietf:params:xml:ns:netconf:base:1.0
  name: urn:nokia.com:srlinux:net-inst:icmp?module=srl_nokia-icmp
  revision: 2021-11-30
- namespace: urn:ietf:params:xml:ns:netconf:base:1.0
  name: urn:nokia.com:srlinux:net-inst:mpls-services-network-instance-label-management?module=srl_nokia-mpls-services-network-instance-label-management
  revision: 2024-03-31
- namespace: urn:ietf:params:xml:ns:netconf:base:1.0
  name: urn:nokia.com:srlinux:net-inst:network-instance?module=srl_nokia-network-instance
  revision: 2024-10-31
- namespace: urn:ietf:params:xml:ns:netconf:base:1.0
  name: urn:nokia.com:srlinux:net-inst:ni-gre?module=srl_nokia-ni-gre
  revision: 2024-07-31
- namespace: urn:ietf:params:xml:ns:netconf:base:1.0
  name: urn:nokia.com:srlinux:net-inst:system-network-instance?module=srl_nokia-system-network-instance
  revision: 2024-07-31
- namespace: urn:ietf:params:xml:ns:netconf:base:1.0
  name: urn:nokia.com:srlinux:netconf:netconf-server?module=srl_nokia-netconf-server
  revision: 2024-07-31
- namespace: urn:ietf:params:xml:ns:netconf:base:1.0
  name: urn:nokia.com:srlinux:oam:oam?module=srl_nokia-oam
  revision: 2024-03-31
- namespace: urn:ietf:params:xml:ns:netconf:base:1.0
  name: urn:nokia.com:srlinux:oc-mgmt:openconfig?module=srl_nokia-openconfig
  revision: 2022-06-30
- namespace: urn:ietf:params:xml:ns:netconf:base:1.0
  name: urn:nokia.com:srlinux:ospf:ospf?module=srl_nokia-ospf
  revision: 2024-10-31
- namespace: urn:ietf:params:xml:ns:netconf:base:1.0
  name: urn:nokia.com:srlinux:pcc:pcep?module=srl_nokia-pcep
  revision: 2024-07-31
- namespace: urn:ietf:params:xml:ns:netconf:base:1.0
  name: urn:nokia.com:srlinux:pim:mvpn-l3?module=srl_nokia-mvpn-l3
  revision: 2023-07-31
- namespace: urn:ietf:params:xml:ns:netconf:base:1.0
  name: urn:nokia.com:srlinux:pim:pim?module=srl_nokia-pim
  revision: 2024-07-31
- namespace: urn:ietf:params:xml:ns:netconf:base:1.0
  name: urn:nokia.com:srlinux:plcy:routing-policy?module=srl_nokia-routing-policy
  revision: 2024-10-31
- namespace: urn:ietf:params:xml:ns:netconf:base:1.0
  name: urn:nokia.com:srlinux:plcy:table-connections?module=srl_nokia-table-connections
  revision: 2024-10-31
- namespace: urn:ietf:params:xml:ns:netconf:base:1.0
  name: urn:nokia.com:srlinux:pw:pw-tunnel?module=srl_nokia-pw-tunnel
  revision: 2024-07-31
- namespace: urn:ietf:params:xml:ns:netconf:base:1.0
  name: urn:nokia.com:srlinux:qos:qos-policers?module=srl_nokia-qos-policers
  revision: 2024-10-31
- namespace: urn:ietf:params:xml:ns:netconf:base:1.0
  name: urn:nokia.com:srlinux:qos:qos?module=srl_nokia-qos
  revision: 2024-10-31
- namespace: urn:ietf:params:xml:ns:netconf:base:1.0
  name: urn:nokia.com:srlinux:segrt:segment-routing?module=srl_nokia-segment-routing
  revision: 2024-10-31
- namespace: urn:ietf:params:xml:ns:netconf:base:1.0
  name: urn:nokia.com:srlinux:static-route:aggregate-routes?module=srl_nokia-aggregate-routes
  revision: 2024-07-31
- namespace: urn:ietf:params:xml:ns:netconf:base:1.0
  name: urn:nokia.com:srlinux:static-route:next-hop-groups?module=srl_nokia-next-hop-groups
  revision: 2024-10-31
- namespace: urn:ietf:params:xml:ns:netconf:base:1.0
  name: urn:nokia.com:srlinux:static-route:static-routes?module=srl_nokia-static-routes
  revision: 2024-07-31
- namespace: urn:ietf:params:xml:ns:netconf:base:1.0
  name: urn:nokia.com:srlinux:te:traffic-engineering?module=srl_nokia-traffic-engineering
  revision: 2024-10-31
- namespace: urn:ietf:params:xml:ns:netconf:base:1.0
  name: urn:nokia.com:srlinux:tepolicy:maintenance-policies?module=srl_nokia-maintenance-policies
  revision: 2024-10-31
- namespace: urn:ietf:params:xml:ns:netconf:base:1.0
  name: urn:nokia.com:srlinux:tepolicy:te-policies?module=srl_nokia-te-policies
  revision: 2024-10-31
- namespace: urn:ietf:params:xml:ns:netconf:base:1.0
  name: urn:nokia.com:srlinux:twamp:ippm-source-udp-pool?module=srl_nokia-ippm-source-udp-pool
  revision: 2024-07-31
- namespace: urn:ietf:params:xml:ns:netconf:base:1.0
  name: urn:nokia.com:srlinux:twamp:link-measurement?module=srl_nokia-link-measurement
  revision: 2024-10-31
- namespace: urn:ietf:params:xml:ns:netconf:base:1.0
  name: urn:nokia.com:srlinux:twamp:oam-pm-ip?module=srl_nokia-oam-pm-ip
  revision: 2024-10-31
- namespace: urn:ietf:params:xml:ns:netconf:base:1.0
  name: urn:nokia.com:srlinux:twamp:stamp?module=srl_nokia-stamp
  revision: 2024-10-31
- namespace: urn:ietf:params:xml:ns:netconf:base:1.0
  name: urn:nokia.com:srlinux:twamp:twamp?module=srl_nokia-twamp
  revision: 2024-07-31
- namespace: urn:ietf:params:xml:ns:netconf:base:1.0
  name: urn:nokia.com:srlinux:vrrp:interfaces-ip-vrrp?module=srl_nokia-interfaces-ip-vrrp
  revision: 2024-10-31
- namespace: urn:ietf:params:xml:ns:netconf:base:1.0
  name: urn:nokia.com:srlinux:vxlan:tunnel-interfaces-vxlan-interface-bridge-table-unicast-es-destination-vteps?module=srl_nokia-tunnel-interfaces-vxlan-interface-bridge-table-unicast-es-destination-vteps
  revision: 2021-03-31
- namespace: urn:ietf:params:xml:ns:netconf:base:1.0
  name: urn:nokia.com:srlinux:vxlan:tunnel-interfaces?module=srl_nokia-tunnel-interfaces
  revision: 2023-10-31
- namespace: urn:ietf:params:xml:ns:netconf:base:1.0
  name: urn:nokia.com:srlinux:vxlan:tunnel?module=srl_nokia-tunnel
  revision: 2024-07-31
- namespace: urn:ietf:params:xml:ns:netconf:base:1.0
  name: urn:nokia.com:srlinux:vxlan:vxlan-tunnel-vtep?module=srl_nokia-vxlan-tunnel-vtep
  revision: 2024-07-31